// Jest Snapshot v1, https://goo.gl/fbAQLP

exports[`test Matches the snapshot 1`] = `
<WithStyles(ForwardRef(Grid))
  alignItems="center"
  container={true}
  direction="column"
  justify="center"
  spacing={0}
>
  <WithStyles(ForwardRef(Grid))
    item={true}
    xs={12}
  >
    <WithStyles(ForwardRef(Card))>
      <WithStyles(ForwardRef(Card))
        className="makeStyles-card-173"
      >
        <WithStyles(ForwardRef(CardActionArea))>
          <WithStyles(ForwardRef(CardMedia))
            alt="Marvel"
            component="img"
            height="140"
            image="/MAD.jpg"
            title="Marvel"
          />
          <WithStyles(ForwardRef(CardContent))>
            <WithStyles(ForwardRef(Typography))
              component="h2"
              gutterBottom={true}
              variant="h5"
            >
              MAD : Marvel Api Demo
            </WithStyles(ForwardRef(Typography))>
            <WithStyles(ForwardRef(Typography))
              color="textSecondary"
              component="p"
              variant="body2"
            >
              <b>
                Marvel Studios
              </b>
               est une société de production cinématographique américaine en prises de vue réelles et en animation assurant les adaptations cinématographiques des productions de Marvel Entertainment, essentiellement issues des Marvel Comics.
            </WithStyles(ForwardRef(Typography))>
          </WithStyles(ForwardRef(CardContent))>
        </WithStyles(ForwardRef(CardActionArea))>
      </WithStyles(ForwardRef(Card))>
    </WithStyles(ForwardRef(Card))>
  </WithStyles(ForwardRef(Grid))>
</WithStyles(ForwardRef(Grid))>
`;
